T0 H0 level=-1 free_cols=0 legal=4 DRAW
   legal: 8H:col1>col8 8D':col5>col8 3H':col6>col3 2C':col7>col6
   S GARIBALDKA1 0 0 -1 0 0 0 13 24 74 8 18 66 0 88 86 16 10 56 48 23 13 154 132 170 130 138 134 124 196 166 112 184 182 151 35 72 50 40 100 98 44 30 28 26 6 90 4 64 96 38 80 68 34 2 20 12 78 82 54 52 46 62 102 32 42 60 76 70 84 94 35 178 116 142 136 188 122 204 200 140 110 168 186 172 174 194 162 106 128 126 148 160 118 114 180 120 156 146 190 164 152 176 104 202 192 206 0 0 0 0 1 15 1 37 1 59 1 93 1 145 1 109 1 159 1 199 0 0 0 0 0 0 0 0
T0 H0 level=-1 free_cols=0 legal=4 MOVE 3H' col6->col3
   legal: 8H:col1>col8 8D':col5>col8 3H':col6>col3 2C':col7>col6
   S GARIBALDKA1 0 0 -1 0 0 0 13 24 74 8 18 66 0 88 86 16 10 56 48 23 13 154 132 170 130 138 134 124 196 166 112 184 182 151 34 72 50 40 100 98 44 30 28 26 6 90 4 64 96 38 80 68 34 2 20 12 78 82 54 52 46 62 102 32 42 60 76 70 84 35 178 116 142 136 188 122 204 200 140 110 168 186 172 174 194 162 106 128 126 148 160 118 114 180 120 156 146 190 164 152 176 104 202 192 206 1 95 0 0 0 1 15 1 37 1 59 1 93 1 145 1 109 1 159 1 199 0 0 0 0 0 0 0 0
T0 H0 level=-1 free_cols=1 legal=6 MOVE 8D' col5->col8
   legal: QH:res.me>col6 9S:turned.me>col6 8H:col1>col8 3H':col3>col6 8D':col5>col8 2C':col7>col3
   S GARIBALDKA1 0 0 -1 0 1 0 13 24 74 8 18 66 0 88 86 16 10 56 48 23 13 154 132 170 130 138 134 124 196 166 112 184 182 151 34 72 50 40 100 98 44 30 28 26 6 90 4 64 96 38 80 68 34 2 20 12 78 82 54 52 46 62 102 32 42 60 76 70 84 35 178 116 142 136 188 122 204 200 140 110 168 186 172 174 194 162 106 128 126 148 160 118 114 180 120 156 146 190 164 152 176 104 202 192 206 1 95 0 0 0 1 15 1 37 2 59 109 1 93 1 145 0 1 159 1 199 0 0 0 0 0 0 0 0
T0 H0 level=-1 free_cols=2 legal=9 MOVE 2C' col7->col3
   legal: QH:res.me>col5 QH:res.me>col6 9S:turned.me>col5 9S:turned.me>col6 3H':col3>col5 3H':col3>col6 2C':col7>col3 8D':col8>col5 8D':col8>col6
   S GARIBALDKA1 0 0 -1 0 2 0 13 24 74 8 18 66 0 88 86 16 10 56 48 23 13 154 132 170 130 138 134 124 196 166 112 184 182 151 34 72 50 40 100 98 44 30 28 26 6 90 4 64 96 38 80 68 34 2 20 12 78 82 54 52 46 62 102 32 42 60 76 70 84 35 178 116 142 136 188 122 204 200 140 110 168 186 172 174 194 162 106 128 126 148 160 118 114 180 120 156 146 190 164 152 176 104 202 192 206 1 95 0 0 0 1 15 1 37 2 59 109 1 93 0 0 1 159 2 199 145 0 0 0 0 0 0 0 0
T0 H0 level=-1 free_cols=3 legal=12 MOVE 9S turned.me->col5
   legal: QH:res.me>col5 QH:res.me>col6 QH:res.me>col7 9S:turned.me>col5 9S:turned.me>col6 9S:turned.me>col7 2C':col3>col5 2C':col3>col6 2C':col3>col7 8D':col8>col5 8D':col8>col6 8D':col8>col7
   S GARIBALDKA1 0 0 -1 0 3 0 13 24 74 8 18 66 0 88 86 16 10 56 48 23 13 154 132 170 130 138 134 124 196 166 112 184 182 151 34 72 50 40 100 98 44 30 28 26 6 90 4 64 96 38 80 68 34 2 20 12 78 82 54 52 46 62 102 32 42 60 76 70 84 35 178 116 142 136 188 122 204 200 140 110 168 186 172 174 194 162 106 128 126 148 160 118 114 180 120 156 146 190 164 152 176 104 202 192 206 1 95 0 0 0 1 15 1 37 3 59 109 159 1 93 0 0 0 2 199 145 0 0 0 0 0 0 0 0
T0 H0 level=-1 free_cols=2 legal=8 MOVE 8H col1->col5
   legal: QH:res.me>col6 QH:res.me>col7 8H:col1>col5 2C':col3>col6 2C':col3>col7 8D':col8>col5 8D':col8>col6 8D':col8>col7
   S GARIBALDKA1 0 0 -1 0 4 0 13 24 74 8 18 66 0 88 86 16 10 56 48 23 13 154 132 170 130 138 134 124 196 166 112 184 182 151 34 72 50 40 100 98 44 30 28 26 6 90 4 64 96 38 80 68 34 2 20 12 78 82 54 52 46 62 102 32 42 60 76 70 84 35 178 116 142 136 188 122 204 200 140 110 168 186 172 174 194 162 106 128 126 148 160 118 114 180 120 156 146 190 164 152 176 104 202 192 206 0 0 0 0 1 15 1 37 3 59 109 159 1 93 1 95 0 0 2 199 145 0 0 0 0 0 0 0 0
T0 H0 level=-1 free_cols=3 legal=12 MOVE QH res.me->col1
   legal: QH:res.me>col1 QH:res.me>col6 QH:res.me>col7 2C':col3>col1 2C':col3>col6 2C':col3>col7 8H:col5>col1 8H:col5>col6 8H:col5>col7 8D':col8>col1 8D':col8>col6 8D':col8>col7
   S GARIBALDKA1 0 0 -1 0 5 0 13 24 74 8 18 66 0 88 86 16 10 56 48 23 13 154 132 170 130 138 134 124 196 166 112 184 182 151 34 72 50 40 100 98 44 30 28 26 6 90 4 64 96 38 80 68 34 2 20 12 78 82 54 52 46 62 102 32 42 60 76 70 84 35 178 116 142 136 188 122 204 200 140 110 168 186 172 174 194 162 106 128 126 148 160 118 114 180 120 156 146 190 164 152 176 104 202 192 206 0 0 0 0 0 1 37 3 59 109 159 1 93 2 95 15 0 0 2 199 145 0 0 0 0 0 0 0 0
T0 H0 level=-1 free_cols=2 legal=9 MOVE QD res.me->res.opp
   legal: QD:res.me>res.opp QD:res.me>col6 QD:res.me>col7 2C':col3>col6 2C':col3>col7 8H:col5>col6 8H:col5>col7 8D':col8>col6 8D':col8>col7
   S GARIBALDKA1 0 0 -1 0 6 0 12 24 74 8 18 66 0 88 86 16 10 56 49 13 154 132 170 130 138 134 124 196 166 112 184 182 151 34 72 50 40 100 98 44 30 28 26 6 90 4 64 96 38 80 68 34 2 20 12 78 82 54 52 46 62 102 32 42 60 76 70 84 35 178 116 142 136 188 122 204 200 140 110 168 186 172 174 194 162 106 128 126 148 160 118 114 180 120 156 146 190 164 152 176 104 202 192 206 0 0 0 0 1 23 1 37 3 59 109 159 1 93 2 95 15 0 0 2 199 145 0 0 0 0 0 0 0 0
T0 H0 level=-1 free_cols=2 legal=8 MOVE 3C res.me->col6
   legal: 3C:res.me>col6 3C:res.me>col7 2C':col3>col6 2C':col3>col7 8H:col5>col6 8H:col5>col7 8D':col8>col6 8D':col8>col7
   S GARIBALDKA1 0 0 -1 0 7 0 11 24 74 8 18 66 0 88 86 16 10 57 14 154 132 170 130 138 134 124 196 166 112 184 182 151 49 34 72 50 40 100 98 44 30 28 26 6 90 4 64 96 38 80 68 34 2 20 12 78 82 54 52 46 62 102 32 42 60 76 70 84 35 178 116 142 136 188 122 204 200 140 110 168 186 172 174 194 162 106 128 126 148 160 118 114 180 120 156 146 190 164 152 176 104 202 192 206 0 0 0 0 1 23 1 37 3 59 109 159 1 93 2 95 15 0 0 2 199 145 0 0 0 0 0 0 0 0
T0 H0 level=-1 free_cols=1 legal=4 MOVE 6H res.me->col7
   legal: 6H:res.me>col7 2C':col3>col7 8H:col5>col7 8D':col8>col7
   S GARIBALDKA1 0 0 -1 0 8 0 10 24 74 8 18 66 0 88 86 16 11 14 154 132 170 130 138 134 124 196 166 112 184 182 151 49 34 72 50 40 100 98 44 30 28 26 6 90 4 64 96 38 80 68 34 2 20 12 78 82 54 52 46 62 102 32 42 60 76 70 84 35 178 116 142 136 188 122 204 200 140 110 168 186 172 174 194 162 106 128 126 148 160 118 114 180 120 156 146 190 164 152 176 104 202 192 206 0 0 0 0 1 23 1 37 3 59 109 159 1 93 2 95 15 1 57 0 2 199 145 0 0 0 0 0 0 0 0
T0 H0 level=-1 free_cols=0 legal=0 DRAW
   legal:
   S GARIBALDKA1 0 0 -1 0 9 0 9 24 74 8 18 66 0 88 86 17 14 154 132 170 130 138 134 124 196 166 112 184 182 151 49 34 72 50 40 100 98 44 30 28 26 6 90 4 64 96 38 80 68 34 2 20 12 78 82 54 52 46 62 102 32 42 60 76 70 84 35 178 116 142 136 188 122 204 200 140 110 168 186 172 174 194 162 106 128 126 148 160 118 114 180 120 156 146 190 164 152 176 104 202 192 206 0 0 0 0 1 23 1 37 3 59 109 159 1 93 2 95 15 1 57 1 11 2 199 145 0 0 0 0 0 0 0 0
T0 H0 level=-1 free_cols=0 legal=0 DISCARD 4S
   legal:
   S GARIBALDKA1 0 0 -1 0 9 0 9 24 74 8 18 66 0 88 86 17 14 154 132 170 130 138 134 124 196 166 112 184 182 151 49 33 72 50 40 100 98 44 30 28 26 6 90 4 64 96 38 80 68 34 2 20 12 78 82 54 52 46 62 102 32 42 60 76 70 35 178 116 142 136 188 122 204 200 140 110 168 186 172 174 194 162 106 128 126 148 160 118 114 180 120 156 146 190 164 152 176 104 202 192 206 1 85 0 0 0 1 23 1 37 3 59 109 159 1 93 2 95 15 1 57 1 11 2 199 145 0 0 0 0 0 0 0 0
T1 A1 level=1 free_cols=0 legal=1 MOVE 8H col5->res.me
   legal: 8H:col5>res.me
   S GARIBALDKA1 1 0 -1 0 0 1 9 24 74 8 18 66 0 88 86 17 14 154 132 170 130 138 134 124 196 166 112 184 182 151 49 33 72 50 40 100 98 44 30 28 26 6 90 4 64 96 38 80 68 34 2 20 12 78 82 54 52 46 62 102 32 42 60 76 70 35 178 116 142 136 188 122 204 200 140 110 168 186 172 174 194 162 106 128 126 148 160 118 114 180 120 156 146 190 164 152 176 104 202 192 206 0 0 1 85 0 1 23 1 37 3 59 109 159 1 93 2 95 15 1 57 1 11 2 199 145 0 0 0 0 0 0 0 0
T1 A1 level=1 free_cols=0 legal=1 DRAW
   legal: 8D':col8>col5
   S GARIBALDKA1 1 0 -1 0 1 1 10 24 74 8 18 66 0 88 86 17 15 14 154 132 170 130 138 134 124 196 166 112 184 182 151 49 33 72 50 40 100 98 44 30 28 26 6 90 4 64 96 38 80 68 34 2 20 12 78 82 54 52 46 62 102 32 42 60 76 70 35 178 116 142 136 188 122 204 200 140 110 168 186 172 174 194 162 106 128 126 148 160 118 114 180 120 156 146 190 164 152 176 104 202 192 206 0 0 1 85 0 1 23 1 37 3 59 109 159 1 93 1 95 1 57 1 11 2 199 145 0 0 0 0 0 0 0 0
T1 A1 level=1 free_cols=0 legal=1 DISCARD KS'
   legal: 8D':col8>col5
   S GARIBALDKA1 1 0 -1 0 1 1 10 24 74 8 18 66 0 88 86 17 15 14 154 132 170 130 138 134 124 196 166 112 184 182 151 49 33 72 50 40 100 98 44 30 28 26 6 90 4 64 96 38 80 68 34 2 20 12 78 82 54 52 46 62 102 32 42 60 76 70 34 178 116 142 136 188 122 204 200 140 110 168 186 172 174 194 162 106 128 126 148 160 118 114 180 120 156 146 190 164 152 176 104 202 192 0 1 207 1 85 0 1 23 1 37 3 59 109 159 1 93 1 95 1 57 1 11 2 199 145 0 0 0 0 0 0 0 0
T2 H0 level=-1 free_cols=0 legal=2 MOVE 8H res.me->col5
   legal: 8H:res.me>col5 8D':col8>col5
   S GARIBALDKA1 0 0 -1 0 0 2 10 24 74 8 18 66 0 88 86 17 15 14 154 132 170 130 138 134 124 196 166 112 184 182 151 49 33 72 50 40 100 98 44 30 28 26 6 90 4 64 96 38 80 68 34 2 20 12 78 82 54 52 46 62 102 32 42 60 76 70 34 178 116 142 136 188 122 204 200 140 110 168 186 172 174 194 162 106 128 126 148 160 118 114 180 120 156 146 190 164 152 176 104 202 192 0 0 1 85 1 207 1 23 1 37 3 59 109 159 1 93 1 95 1 57 1 11 2 199 145 0 0 0 0 0 0 0 0
T2 H0 level=-1 free_cols=0 legal=0 DRAW
   legal:
   S GARIBALDKA1 0 0 -1 0 1 2 9 24 74 8 18 66 0 88 86 17 14 154 132 170 130 138 134 124 196 166 112 184 182 151 49 33 72 50 40 100 98 44 30 28 26 6 90 4 64 96 38 80 68 34 2 20 12 78 82 54 52 46 62 102 32 42 60 76 70 34 178 116 142 136 188 122 204 200 140 110 168 186 172 174 194 162 106 128 126 148 160 118 114 180 120 156 146 190 164 152 176 104 202 192 0 0 1 85 1 207 1 23 1 37 3 59 109 159 1 93 2 95 15 1 57 1 11 2 199 145 0 0 0 0 0 0 0 0
T2 H0 level=-1 free_cols=0 legal=0 DISCARD TC
   legal:
   S GARIBALDKA1 0 0 -1 0 1 2 9 24 74 8 18 66 0 88 86 17 14 154 132 170 130 138 134 124 196 166 112 184 182 151 49 32 72 50 40 100 98 44 30 28 26 6 90 4 64 96 38 80 68 34 2 20 12 78 82 54 52 46 62 102 32 42 60 76 34 178 116 142 136 188 122 204 200 140 110 168 186 172 174 194 162 106 128 126 148 160 118 114 180 120 156 146 190 164 152 176 104 202 192 1 71 0 1 85 1 207 1 23 1 37 3 59 109 159 1 93 2 95 15 1 57 1 11 2 199 145 0 0 0 0 0 0 0 0
T3 A1 level=1 free_cols=0 legal=1 MOVE 8H col5->res.me
   legal: 8H:col5>res.me
   S GARIBALDKA1 1 0 -1 0 0 3 9 24 74 8 18 66 0 88 86 17 14 154 132 170 130 138 134 124 196 166 112 184 182 151 49 32 72 50 40 100 98 44 30 28 26 6 90 4 64 96 38 80 68 34 2 20 12 78 82 54 52 46 62 102 32 42 60 76 34 178 116 142 136 188 122 204 200 140 110 168 186 172 174 194 162 106 128 126 148 160 118 114 180 120 156 146 190 164 152 176 104 202 192 0 0 2 85 71 1 207 1 23 1 37 3 59 109 159 1 93 2 95 15 1 57 1 11 2 199 145 0 0 0 0 0 0 0 0
T3 A1 level=1 free_cols=0 legal=1 DRAW
   legal: 8D':col8>col5
   S GARIBALDKA1 1 0 -1 0 1 3 10 24 74 8 18 66 0 88 86 17 15 14 154 132 170 130 138 134 124 196 166 112 184 182 151 49 32 72 50 40 100 98 44 30 28 26 6 90 4 64 96 38 80 68 34 2 20 12 78 82 54 52 46 62 102 32 42 60 76 34 178 116 142 136 188 122 204 200 140 110 168 186 172 174 194 162 106 128 126 148 160 118 114 180 120 156 146 190 164 152 176 104 202 192 0 0 2 85 71 1 207 1 23 1 37 3 59 109 159 1 93 1 95 1 57 1 11 2 199 145 0 0 0 0 0 0 0 0
T3 A1 level=1 free_cols=0 legal=1 DISCARD 6S'
   legal: 8D':col8>col5
   S GARIBALDKA1 1 0 -1 0 1 3 10 24 74 8 18 66 0 88 86 17 15 14 154 132 170 130 138 134 124 196 166 112 184 182 151 49 32 72 50 40 100 98 44 30 28 26 6 90 4 64 96 38 80 68 34 2 20 12 78 82 54 52 46 62 102 32 42 60 76 33 178 116 142 136 188 122 204 200 140 110 168 186 172 174 194 162 106 128 126 148 160 118 114 180 120 156 146 190 164 152 176 104 202 0 1 193 2 85 71 1 207 1 23 1 37 3 59 109 159 1 93 1 95 1 57 1 11 2 199 145 0 0 0 0 0 0 0 0
T4 H0 level=-1 free_cols=0 legal=2 MOVE 8H res.me->col5
   legal: 8H:res.me>col5 8D':col8>col5
   S GARIBALDKA1 0 0 -1 0 0 4 10 24 74 8 18 66 0 88 86 17 15 14 154 132 170 130 138 134 124 196 166 112 184 182 151 49 32 72 50 40 100 98 44 30 28 26 6 90 4 64 96 38 80 68 34 2 20 12 78 82 54 52 46 62 102 32 42 60 76 33 178 116 142 136 188 122 204 200 140 110 168 186 172 174 194 162 106 128 126 148 160 118 114 180 120 156 146 190 164 152 176 104 202 0 0 2 85 71 2 207 193 1 23 1 37 3 59 109 159 1 93 1 95 1 57 1 11 2 199 145 0 0 0 0 0 0 0 0
T4 H0 level=-1 free_cols=0 legal=0 DRAW
   legal:
   S GARIBALDKA1 0 0 -1 0 1 4 9 24 74 8 18 66 0 88 86 17 14 154 132 170 130 138 134 124 196 166 112 184 182 151 49 32 72 50 40 100 98 44 30 28 26 6 90 4 64 96 38 80 68 34 2 20 12 78 82 54 52 46 62 102 32 42 60 76 33 178 116 142 136 188 122 204 200 140 110 168 186 172 174 194 162 106 128 126 148 160 118 114 180 120 156 146 190 164 152 176 104 202 0 0 2 85 71 2 207 193 1 23 1 37 3 59 109 159 1 93 2 95 15 1 57 1 11 2 199 145 0 0 0 0 0 0 0 0
T4 H0 level=-1 free_cols=0 legal=0 DISCARD KC
   legal:
   S GARIBALDKA1 0 0 -1 0 1 4 9 24 74 8 18 66 0 88 86 17 14 154 132 170 130 138 134 124 196 166 112 184 182 151 49 31 72 50 40 100 98 44 30 28 26 6 90 4 64 96 38 80 68 34 2 20 12 78 82 54 52 46 62 102 32 42 60 33 178 116 142 136 188 122 204 200 140 110 168 186 172 174 194 162 106 128 126 148 160 118 114 180 120 156 146 190 164 152 176 104 202 1 77 0 2 85 71 2 207 193 1 23 1 37 3 59 109 159 1 93 2 95 15 1 57 1 11 2 199 145 0 0 0 0 0 0 0 0
T5 A1 level=1 free_cols=0 legal=1 MOVE 8H col5->res.me
   legal: 8H:col5>res.me
   S GARIBALDKA1 1 0 -1 0 0 5 9 24 74 8 18 66 0 88 86 17 14 154 132 170 130 138 134 124 196 166 112 184 182 151 49 31 72 50 40 100 98 44 30 28 26 6 90 4 64 96 38 80 68 34 2 20 12 78 82 54 52 46 62 102 32 42 60 33 178 116 142 136 188 122 204 200 140 110 168 186 172 174 194 162 106 128 126 148 160 118 114 180 120 156 146 190 164 152 176 104 202 0 0 3 85 71 77 2 207 193 1 23 1 37 3 59 109 159 1 93 2 95 15 1 57 1 11 2 199 145 0 0 0 0 0 0 0 0
T5 A1 level=1 free_cols=0 legal=1 DRAW
   legal: 8D':col8>col5
   S GARIBALDKA1 1 0 -1 0 1 5 10 24 74 8 18 66 0 88 86 17 15 14 154 132 170 130 138 134 124 196 166 112 184 182 151 49 31 72 50 40 100 98 44 30 28 26 6 90 4 64 96 38 80 68 34 2 20 12 78 82 54 52 46 62 102 32 42 60 33 178 116 142 136 188 122 204 200 140 110 168 186 172 174 194 162 106 128 126 148 160 118 114 180 120 156 146 190 164 152 176 104 202 0 0 3 85 71 77 2 207 193 1 23 1 37 3 59 109 159 1 93 1 95 1 57 1 11 2 199 145 0 0 0 0 0 0 0 0
T5 A1 level=1 free_cols=0 legal=2 MOVE JS' turned.opp->col1
   legal: JS':turned.opp>col1 8D':col8>col5
   S GARIBALDKA1 1 0 -1 0 1 5 10 24 74 8 18 66 0 88 86 17 15 14 154 132 170 130 138 134 124 196 166 112 184 182 151 49 31 72 50 40 100 98 44 30 28 26 6 90 4 64 96 38 80 68 34 2 20 12 78 82 54 52 46 62 102 32 42 60 32 178 116 142 136 188 122 204 200 140 110 168 186 172 174 194 162 106 128 126 148 160 118 114 180 120 156 146 190 164 152 176 104 0 1 203 3 85 71 77 2 207 193 1 23 1 37 3 59 109 159 1 93 1 95 1 57 1 11 2 199 145 0 0 0 0 0 0 0 0
T5 A1 level=1 free_cols=0 legal=1 DRAW
   legal: 8D':col8>col5
   S GARIBALDKA1 1 0 -1 0 2 5 10 24 74 8 18 66 0 88 86 17 15 14 154 132 170 130 138 134 124 196 166 112 184 182 151 49 31 72 50 40 100 98 44 30 28 26 6 90 4 64 96 38 80 68 34 2 20 12 78 82 54 52 46 62 102 32 42 60 32 178 116 142 136 188 122 204 200 140 110 168 186 172 174 194 162 106 128 126 148 160 118 114 180 120 156 146 190 164 152 176 104 0 0 3 85 71 77 2 207 193 2 23 203 1 37 3 59 109 159 1 93 1 95 1 57 1 11 2 199 145 0 0 0 0 0 0 0 0
T5 A1 level=1 free_cols=0 legal=4 MOVE AH' turned.opp->fnd3
   legal: AH':turned.opp>col3 AH':turned.opp>fnd3 AH':turned.opp>fnd4 8D':col8>col5
   S GARIBALDKA1 1 0 -1 0 2 5 10 24 74 8 18 66 0 88 86 17 15 14 154 132 170 130 138 134 124 196 166 112 184 182 151 49 31 72 50 40 100 98 44 30 28 26 6 90 4 64 96 38 80 68 34 2 20 12 78 82 54 52 46 62 102 32 42 60 31 178 116 142 136 188 122 204 200 140 110 168 186 172 174 194 162 106 128 126 148 160 118 114 180 120 156 146 190 164 152 176 0 1 105 3 85 71 77 2 207 193 2 23 203 1 37 3 59 109 159 1 93 1 95 1 57 1 11 2 199 145 0 0 0 0 0 0 0 0
T5 A1 level=1 free_cols=0 legal=1 DRAW
   legal: 8D':col8>col5
   S GARIBALDKA1 1 0 -1 0 3 5 10 24 74 8 18 66 0 88 86 17 15 14 154 132 170 130 138 134 124 196 166 112 184 182 151 49 31 72 50 40 100 98 44 30 28 26 6 90 4 64 96 38 80 68 34 2 20 12 78 82 54 52 46 62 102 32 42 60 31 178 116 142 136 188 122 204 200 140 110 168 186 172 174 194 162 106 128 126 148 160 118 114 180 120 156 146 190 164 152 176 0 0 3 85 71 77 2 207 193 2 23 203 1 37 3 59 109 159 1 93 1 95 1 57 1 11 2 199 145 0 0 1 105 0 0 0 0 0
T5 A1 level=1 free_cols=0 legal=1 DISCARD JC'
   legal: 8D':col8>col5
   S GARIBALDKA1 1 0 -1 0 3 5 10 24 74 8 18 66 0 88 86 17 15 14 154 132 170 130 138 134 124 196 166 112 184 182 151 49 31 72 50 40 100 98 44 30 28 26 6 90 4 64 96 38 80 68 34 2 20 12 78 82 54 52 46 62 102 32 42 60 30 178 116 142 136 188 122 204 200 140 110 168 186 172 174 194 162 106 128 126 148 160 118 114 180 120 156 146 190 164 152 0 1 177 3 85 71 77 2 207 193 2 23 203 1 37 3 59 109 159 1 93 1 95 1 57 1 11 2 199 145 0 0 1 105 0 0 0 0 0
T6 H0 level=-1 free_cols=0 legal=2 MOVE 8H res.me->col5
   legal: 8H:res.me>col5 8D':col8>col5
   S GARIBALDKA1 0 0 -1 0 0 6 10 24 74 8 18 66 0 88 86 17 15 14 154 132 170 130 138 134 124 196 166 112 184 182 151 49 31 72 50 40 100 98 44 30 28 26 6 90 4 64 96 38 80 68 34 2 20 12 78 82 54 52 46 62 102 32 42 60 30 178 116 142 136 188 122 204 200 140 110 168 186 172 174 194 162 106 128 126 148 160 118 114 180 120 156 146 190 164 152 0 0 3 85 71 77 3 207 193 177 2 23 203 1 37 3 59 109 159 1 93 1 95 1 57 1 11 2 199 145 0 0 1 105 0 0 0 0 0
T6 H0 level=-1 free_cols=0 legal=0 DRAW
   legal:
   S GARIBALDKA1 0 0 -1 0 1 6 9 24 74 8 18 66 0 88 86 17 14 154 132 170 130 138 134 124 196 166 112 184 182 151 49 31 72 50 40 100 98 44 30 28 26 6 90 4 64 96 38 80 68 34 2 20 12 78 82 54 52 46 62 102 32 42 60 30 178 116 142 136 188 122 204 200 140 110 168 186 172 174 194 162 106 128 126 148 160 118 114 180 120 156 146 190 164 152 0 0 3 85 71 77 3 207 193 177 2 23 203 1 37 3 59 109 159 1 93 2 95 15 1 57 1 11 2 199 145 0 0 1 105 0 0 0 0 0
T6 H0 level=-1 free_cols=0 legal=2 MOVE 5C turned.me->col2
   legal: 5C:turned.me>col2 5C:turned.me>col7
   S GARIBALDKA1 0 0 -1 0 1 6 9 24 74 8 18 66 0 88 86 17 14 154 132 170 130 138 134 124 196 166 112 184 182 151 49 30 72 50 40 100 98 44 30 28 26 6 90 4 64 96 38 80 68 34 2 20 12 78 82 54 52 46 62 102 32 42 30 178 116 142 136 188 122 204 200 140 110 168 186 172 174 194 162 106 128 126 148 160 118 114 180 120 156 146 190 164 152 1 61 0 3 85 71 77 3 207 193 177 2 23 203 1 37 3 59 109 159 1 93 2 95 15 1 57 1 11 2 199 145 0 0 1 105 0 0 0 0 0
T6 H0 level=-1 free_cols=0 legal=1 DRAW
   legal: 5C:col2>col7
   S GARIBALDKA1 0 0 -1 0 2 6 9 24 74 8 18 66 0 88 86 17 14 154 132 170 130 138 134 124 196 166 112 184 182 151 49 30 72 50 40 100 98 44 30 28 26 6 90 4 64 96 38 80 68 34 2 20 12 78 82 54 52 46 62 102 32 42 30 178 116 142 136 188 122 204 200 140 110 168 186 172 174 194 162 106 128 126 148 160 118 114 180 120 156 146 190 164 152 0 0 3 85 71 77 3 207 193 177 2 23 203 2 37 61 3 59 109 159 1 93 2 95 15 1 57 1 11 2 199 145 0 0 1 105 0 0 0 0 0
T6 H0 level=-1 free_cols=0 legal=1 DISCARD 9D
   legal: 5C:col2>col7
   S GARIBALDKA1 0 0 -1 0 2 6 9 24 74 8 18 66 0 88 86 17 14 154 132 170 130 138 134 124 196 166 112 184 182 151 49 29 72 50 40 100 98 44 30 28 26 6 90 4 64 96 38 80 68 34 2 20 12 78 82 54 52 46 62 102 32 30 178 116 142 136 188 122 204 200 140 110 168 186 172 174 194 162 106 128 126 148 160 118 114 180 120 156 146 190 164 152 1 43 0 3 85 71 77 3 207 193 177 2 23 203 2 37 61 3 59 109 159 1 93 2 95 15 1 57 1 11 2 199 145 0 0 1 105 0 0 0 0 0
T7 A1 level=1 free_cols=0 legal=3 MOVE 8H col5->res.me
   legal: 5C:col2>col7 8H:col5>res.me 8D':col8>waste.me
   S GARIBALDKA1 1 0 -1 0 0 7 9 24 74 8 18 66 0 88 86 17 14 154 132 170 130 138 134 124 196 166 112 184 182 151 49 29 72 50 40 100 98 44 30 28 26 6 90 4 64 96 38 80 68 34 2 20 12 78 82 54 52 46 62 102 32 30 178 116 142 136 188 122 204 200 140 110 168 186 172 174 194 162 106 128 126 148 160 118 114 180 120 156 146 190 164 152 0 0 4 85 71 77 43 3 207 193 177 2 23 203 2 37 61 3 59 109 159 1 93 2 95 15 1 57 1 11 2 199 145 0 0 1 105 0 0 0 0 0
T7 A1 level=1 free_cols=0 legal=3 DRAW
   legal: 5C:col2>col7 8D':col8>waste.me 8D':col8>col5
   S GARIBALDKA1 1 0 -1 0 1 7 10 24 74 8 18 66 0 88 86 17 15 14 154 132 170 130 138 134 124 196 166 112 184 182 151 49 29 72 50 40 100 98 44 30 28 26 6 90 4 64 96 38 80 68 34 2 20 12 78 82 54 52 46 62 102 32 30 178 116 142 136 188 122 204 200 140 110 168 186 172 174 194 162 106 128 126 148 160 118 114 180 120 156 146 190 164 152 0 0 4 85 71 77 43 3 207 193 177 2 23 203 2 37 61 3 59 109 159 1 93 1 95 1 57 1 11 2 199 145 0 0 1 105 0 0 0 0 0
T7 A1 level=1 free_cols=0 legal=3 DISCARD QD'
   legal: 5C:col2>col7 8D':col8>waste.me 8D':col8>col5
   S GARIBALDKA1 1 0 -1 0 1 7 10 24 74 8 18 66 0 88 86 17 15 14 154 132 170 130 138 134 124 196 166 112 184 182 151 49 29 72 50 40 100 98 44 30 28 26 6 90 4 64 96 38 80 68 34 2 20 12 78 82 54 52 46 62 102 32 29 178 116 142 136 188 122 204 200 140 110 168 186 172 174 194 162 106 128 126 148 160 118 114 180 120 156 146 190 164 0 1 153 4 85 71 77 43 3 207 193 177 2 23 203 2 37 61 3 59 109 159 1 93 1 95 1 57 1 11 2 199 145 0 0 1 105 0 0 0 0 0
